[Licensing::Module] Trying to connect to existing licensing client channel...
[Licensing::IpcConnector] Successfully connected to the License Client on channel: "LicenseClient-admin" at "2026-09-14T16:40:45.3928941Z"
[Licensing::Client] Error: Code 10 while verifying Licensing Client signature (process Id: 36092, path: "D:/Program Files/Unity Hub/UnityLicensingClient_V1/Unity.Licensing.Client.exe")
[Licensing::Module] Error: LicensingClient has failed validation; ignoring
[Licensing::Client] Handshaking with LicensingClient:
  Version:                 1.16.1+e780b2e
  Session Id:              968a1e29e5f54febad90efc885d0e827
  Correlation Id:          2635a8e8a1e919187b9dde9484adda90
  External correlation Id: 3319956732978667494
  Machine Id:              lHjMRQhilFGXGFYO/g8U2v5+XBc=
[Licensing::Module] Successfully connected to LicensingClient on channel: "LicenseClient-admin" (connect: 0.00s, validation: 0.01s, handshake: 0.03s)
[Licensing::IpcConnector] Successfully connected to the License Notification on channel: "LicenseClient-admin-notifications" at "2026-09-14T16:40:45.4308946Z"
[Licensing::Module] Error: Access token is unavailable; failed to update
[Licensing::Client] Successfully updated license
Built from '6000.0/china_unity/23f1' branch; Version is '6000.0.23f1c1 (d40c2aeae294) revision 13896746'; Using compiler version '193933523'; Build Type 'Release'
OS: 'Windows 10  (10.0.19045) 64bit Professional' Language: 'zh' Physical Memory: 32581 MB
[Licensing::Client] Successfully resolved entitlement details
[Licensing::Module] Serial number assigned to: "I4-6KQ6-SA25-FZVR-P4YR-XXXX"
BatchMode: 1, IsHumanControllingUs: 0, StartBugReporterOnCrash: 0, Is64bit: 1, IsPro: 1
[Licensing::Client] Successfully resolved entitlement details

COMMAND LINE ARGUMENTS:
D:\Unity\Editor\6000.0.23f1c1\Editor\Unity.exe
-batchmode
-quit
-projectPath
E:/UnityProject/Sunset-glow/Sunset-glow/Sunset Glow
-logFile
E:/UnityProject/Sunset-glow/Sunset-glow/artifacts/refinement/compile.log
Successfully changed project path to: E:/UnityProject/Sunset-glow/Sunset-glow/Sunset Glow
E:/UnityProject/Sunset-glow/Sunset-glow/Sunset Glow
[UnityMemory] Configuration Parameters - Can be set up in boot.config
    "memorysetup-bucket-allocator-granularity=16"
    "memorysetup-bucket-allocator-bucket-count=8"
    "memorysetup-bucket-allocator-block-size=33554432"
    "memorysetup-bucket-allocator-block-count=8"
    "memorysetup-main-allocator-block-size=16777216"
    "memorysetup-thread-allocator-block-size=16777216"
    "memorysetup-gfx-main-allocator-block-size=16777216"
    "memorysetup-gfx-thread-allocator-block-size=16777216"
    "memorysetup-cache-allocator-block-size=4194304"
    "memorysetup-typetree-allocator-block-size=2097152"
    "memorysetup-profiler-bucket-allocator-granularity=16"
    "memorysetup-profiler-bucket-allocator-bucket-count=8"
    "memorysetup-profiler-bucket-allocator-block-size=33554432"
    "memorysetup-profiler-bucket-allocator-block-count=8"
    "memorysetup-profiler-allocator-block-size=16777216"
    "memorysetup-profiler-editor-allocator-block-size=1048576"
    "memorysetup-temp-allocator-size-main=16777216"
    "memorysetup-job-temp-allocator-block-size=2097152"
    "memorysetup-job-temp-allocator-block-size-background=1048576"
    "memorysetup-job-temp-allocator-reduction-small-platforms=262144"
    "memorysetup-allocator-temp-initial-block-size-main=262144"
    "memorysetup-allocator-temp-initial-block-size-worker=262144"
    "memorysetup-temp-allocator-size-background-worker=32768"
    "memorysetup-temp-allocator-size-job-worker=262144"
    "memorysetup-temp-allocator-size-preload-manager=33554432"
    "memorysetup-temp-allocator-size-nav-mesh-worker=65536"
    "memorysetup-temp-allocator-size-audio-worker=65536"
    "memorysetup-temp-allocator-size-cloud-worker=32768"
    "memorysetup-temp-allocator-size-gi-baking-worker=262144"
    "memorysetup-temp-allocator-size-gi-baking-worker=262144"
    "memorysetup-temp-allocator-size-gi-baking-worker=262144"
    "memorysetup-temp-allocator-size-gi-baking-worker=262144"
    "memorysetup-temp-allocator-size-gi-baking-worker=262144"
    "memorysetup-temp-allocator-size-gfx=262144"
Player connection [143420]  Target information:

Player connection [143420]  * "[IP] 192.168.1.5 [Port] 55505 [Flags] 2 [Guid] 475872378 [EditorId] 475872378 [Version] 1048832 [Id] WindowsEditor(7,DESKTOP-N57VUJT) [Debug] 1 [PackageName] WindowsEditor [ProjectName] Editor" 

Player connection [143420]  * "[IP] 26.179.140.201 [Port] 55505 [Flags] 2 [Guid] 475872378 [EditorId] 475872378 [Version] 1048832 [Id] WindowsEditor(7,DESKTOP-N57VUJT) [Debug] 1 [PackageName] WindowsEditor [ProjectName] Editor" 

Player connection [143420]  * "[IP] 172.22.112.1 [Port] 55505 [Flags] 2 [Guid] 475872378 [EditorId] 475872378 [Version] 1048832 [Id] WindowsEditor(7,DESKTOP-N57VUJT) [Debug] 1 [PackageName] WindowsEditor [ProjectName] Editor" 

Player connection [143420] Host joined multi-casting on [225.0.0.222:54997]...
Player connection [143420] Host joined alternative multi-casting on [225.0.0.222:34997]...
[Physics::Module] Initialized fallback backend.
[Physics::Module] Id: 0xdecafbad
[Package Manager] Connected to IPC stream "Upm-145996" after 0.2 seconds.
Library Redirect Path: Library/
[Package Manager] Restoring resolved packages state from cache
[Licensing::Client] Successfully resolved entitlement details
[Package Manager] Registered 60 packages:
  Packages from [https://packages.unity.cn]:
    com.unity.collab-proxy@2.13.6 (location: E:\UnityProject\Sunset-glow\Sunset-glow\Sunset Glow\Library\PackageCache\com.unity.collab-proxy)
    com.unity.timeline@1.8.7 (location: E:\UnityProject\Sunset-glow\Sunset-glow\Sunset Glow\Library\PackageCache\com.unity.timeline)
    com.unity.visualscripting@1.9.4 (location: E:\UnityProject\Sunset-glow\Sunset-glow\Sunset Glow\Library\PackageCache\com.unity.visualscripting)
    com.unity.ide.visualstudio@2.0.22 (location: E:\UnityProject\Sunset-glow\Sunset-glow\Sunset Glow\Library\PackageCache\com.unity.ide.visualstudio)
    com.unity.ide.rider@3.0.31 (location: E:\UnityProject\Sunset-glow\Sunset-glow\Sunset Glow\Library\PackageCache\com.unity.ide.rider)
    com.unity.editorcoroutines@1.0.0 (location: E:\UnityProject\Sunset-glow\Sunset-glow\Sunset Glow\Library\PackageCache\com.unity.editorcoroutines)
    com.unity.performance.profile-analyzer@1.2.2 (location: E:\UnityProject\Sunset-glow\Sunset-glow\Sunset Glow\Library\PackageCache\com.unity.performance.profile-analyzer)
    com.unity.test-framework@1.4.5 (location: E:\UnityProject\Sunset-glow\Sunset-glow\Sunset Glow\Library\PackageCache\com.unity.test-framework)
    com.unity.testtools.codecoverage@1.2.6 (location: E:\UnityProject\Sunset-glow\Sunset-glow\Sunset Glow\Library\PackageCache\com.unity.testtools.codecoverage)
    com.unity.searcher@4.9.2 (location: E:\UnityProject\Sunset-glow\Sunset-glow\Sunset Glow\Library\PackageCache\com.unity.searcher)
    com.unity.burst@1.8.18 (location: E:\UnityProject\Sunset-glow\Sunset-glow\Sunset Glow\Library\PackageCache\com.unity.burst)
    com.unity.mathematics@1.3.2 (location: E:\UnityProject\Sunset-glow\Sunset-glow\Sunset Glow\Library\PackageCache\com.unity.mathematics)
    com.unity.collections@2.5.1 (location: E:\UnityProject\Sunset-glow\Sunset-glow\Sunset Glow\Library\PackageCache\com.unity.collections)
    com.unity.settings-manager@2.0.1 (location: E:\UnityProject\Sunset-glow\Sunset-glow\Sunset Glow\Library\PackageCache\com.unity.settings-manager)
    com.unity.ext.nunit@2.0.5 (location: E:\UnityProject\Sunset-glow\Sunset-glow\Sunset Glow\Library\PackageCache\com.unity.ext.nunit)
    com.unity.nuget.mono-cecil@1.11.4 (location: E:\UnityProject\Sunset-glow\Sunset-glow\Sunset Glow\Library\PackageCache\com.unity.nuget.mono-cecil)
    com.unity.test-framework.performance@3.0.3 (location: E:\UnityProject\Sunset-glow\Sunset-glow\Sunset Glow\Library\PackageCache\com.unity.test-framework.performance)
  Built-in packages:
    com.unity.feature.development@1.0.2 (location: E:\UnityProject\Sunset-glow\Sunset-glow\Sunset Glow\Library\PackageCache\com.unity.feature.development)
    com.unity.multiplayer.center@1.0.0 (location: E:\UnityProject\Sunset-glow\Sunset-glow\Sunset Glow\Library\PackageCache\com.unity.multiplayer.center)
    com.unity.render-pipelines.high-definition@17.0.3 (location: E:\UnityProject\Sunset-glow\Sunset-glow\Sunset Glow\Library\PackageCache\com.unity.render-pipelines.high-definition)
    com.unity.ugui@2.0.0 (location: E:\UnityProject\Sunset-glow\Sunset-glow\Sunset Glow\Library\PackageCache\com.unity.ugui)
    com.unity.modules.accessibility@1.0.0 (location: E:\UnityProject\Sunset-glow\Sunset-glow\Sunset Glow\Library\PackageCache\com.unity.modules.accessibility)
    com.unity.modules.ai@1.0.0 (location: E:\UnityProject\Sunset-glow\Sunset-glow\Sunset Glow\Library\PackageCache\com.unity.modules.ai)
    com.unity.modules.androidjni@1.0.0 (location: E:\UnityProject\Sunset-glow\Sunset-glow\Sunset Glow\Library\PackageCache\com.unity.modules.androidjni)
    com.unity.modules.animation@1.0.0 (location: E:\UnityProject\Sunset-glow\Sunset-glow\Sunset Glow\Library\PackageCache\com.unity.modules.animation)
    com.unity.modules.assetbundle@1.0.0 (location: E:\UnityProject\Sunset-glow\Sunset-glow\Sunset Glow\Library\PackageCache\com.unity.modules.assetbundle)
    com.unity.modules.audio@1.0.0 (location: E:\UnityProject\Sunset-glow\Sunset-glow\Sunset Glow\Library\PackageCache\com.unity.modules.audio)
    com.unity.modules.cloth@1.0.0 (location: E:\UnityProject\Sunset-glow\Sunset-glow\Sunset Glow\Library\PackageCache\com.unity.modules.cloth)
    com.unity.modules.director@1.0.0 (location: E:\UnityProject\Sunset-glow\Sunset-glow\Sunset Glow\Library\PackageCache\com.unity.modules.director)
    com.unity.modules.imageconversion@1.0.0 (location: E:\UnityProject\Sunset-glow\Sunset-glow\Sunset Glow\Library\PackageCache\com.unity.modules.imageconversion)
    com.unity.modules.imgui@1.0.0 (location: E:\UnityProject\Sunset-glow\Sunset-glow\Sunset Glow\Library\PackageCache\com.unity.modules.imgui)
    com.unity.modules.jsonserialize@1.0.0 (location: E:\UnityProject\Sunset-glow\Sunset-glow\Sunset Glow\Library\PackageCache\com.unity.modules.jsonserialize)
    com.unity.modules.particlesystem@1.0.0 (location: E:\UnityProject\Sunset-glow\Sunset-glow\Sunset Glow\Library\PackageCache\com.unity.modules.particlesystem)
    com.unity.modules.physics@1.0.0 (location: E:\UnityProject\Sunset-glow\Sunset-glow\Sunset Glow\Library\PackageCache\com.unity.modules.physics)
    com.unity.modules.physics2d@1.0.0 (location: E:\UnityProject\Sunset-glow\Sunset-glow\Sunset Glow\Library\PackageCache\com.unity.modules.physics2d)
    com.unity.modules.screencapture@1.0.0 (location: E:\UnityProject\Sunset-glow\Sunset-glow\Sunset Glow\Library\PackageCache\com.unity.modules.screencapture)
    com.unity.modules.terrain@1.0.0 (location: E:\UnityProject\Sunset-glow\Sunset-glow\Sunset Glow\Library\PackageCache\com.unity.modules.terrain)
    com.unity.modules.terrainphysics@1.0.0 (location: E:\UnityProject\Sunset-glow\Sunset-glow\Sunset Glow\Library\PackageCache\com.unity.modules.terrainphysics)
    com.unity.modules.tilemap@1.0.0 (location: E:\UnityProject\Sunset-glow\Sunset-glow\Sunset Glow\Library\PackageCache\com.unity.modules.tilemap)
    com.unity.modules.ui@1.0.0 (location: E:\UnityProject\Sunset-glow\Sunset-glow\Sunset Glow\Library\PackageCache\com.unity.modules.ui)
    com.unity.modules.uielements@1.0.0 (location: E:\UnityProject\Sunset-glow\Sunset-glow\Sunset Glow\Library\PackageCache\com.unity.modules.uielements)
    com.unity.modules.umbra@1.0.0 (location: E:\UnityProject\Sunset-glow\Sunset-glow\Sunset Glow\Library\PackageCache\com.unity.modules.umbra)
    com.unity.modules.unityanalytics@1.0.0 (location: E:\UnityProject\Sunset-glow\Sunset-glow\Sunset Glow\Library\PackageCache\com.unity.modules.unityanalytics)
    com.unity.modules.unitywebrequest@1.0.0 (location: E:\UnityProject\Sunset-glow\Sunset-glow\Sunset Glow\Library\PackageCache\com.unity.modules.unitywebrequest)
    com.unity.modules.unitywebrequestassetbundle@1.0.0 (location: E:\UnityProject\Sunset-glow\Sunset-glow\Sunset Glow\Library\PackageCache\com.unity.modules.unitywebrequestassetbundle)
    com.unity.modules.unitywebrequestaudio@1.0.0 (location: E:\UnityProject\Sunset-glow\Sunset-glow\Sunset Glow\Library\PackageCache\com.unity.modules.unitywebrequestaudio)
    com.unity.modules.unitywebrequesttexture@1.0.0 (location: E:\UnityProject\Sunset-glow\Sunset-glow\Sunset Glow\Library\PackageCache\com.unity.modules.unitywebrequesttexture)
    com.unity.modules.unitywebrequestwww@1.0.0 (location: E:\UnityProject\Sunset-glow\Sunset-glow\Sunset Glow\Library\PackageCache\com.unity.modules.unitywebrequestwww)
    com.unity.modules.vehicles@1.0.0 (location: E:\UnityProject\Sunset-glow\Sunset-glow\Sunset Glow\Library\PackageCache\com.unity.modules.vehicles)
    com.unity.modules.video@1.0.0 (location: E:\UnityProject\Sunset-glow\Sunset-glow\Sunset Glow\Library\PackageCache\com.unity.modules.video)
    com.unity.modules.vr@1.0.0 (location: E:\UnityProject\Sunset-glow\Sunset-glow\Sunset Glow\Library\PackageCache\com.unity.modules.vr)
    com.unity.modules.wind@1.0.0 (location: E:\UnityProject\Sunset-glow\Sunset-glow\Sunset Glow\Library\PackageCache\com.unity.modules.wind)
    com.unity.modules.xr@1.0.0 (location: E:\UnityProject\Sunset-glow\Sunset-glow\Sunset Glow\Library\PackageCache\com.unity.modules.xr)
    com.unity.modules.subsystems@1.0.0 (location: E:\UnityProject\Sunset-glow\Sunset-glow\Sunset Glow\Library\PackageCache\com.unity.modules.subsystems)
    com.unity.modules.hierarchycore@1.0.0 (location: E:\UnityProject\Sunset-glow\Sunset-glow\Sunset Glow\Library\PackageCache\com.unity.modules.hierarchycore)
    com.unity.render-pipelines.core@17.0.3 (location: E:\UnityProject\Sunset-glow\Sunset-glow\Sunset Glow\Library\PackageCache\com.unity.render-pipelines.core)
    com.unity.shadergraph@17.0.3 (location: E:\UnityProject\Sunset-glow\Sunset-glow\Sunset Glow\Library\PackageCache\com.unity.shadergraph)
    com.unity.visualeffectgraph@17.0.3 (location: E:\UnityProject\Sunset-glow\Sunset-glow\Sunset Glow\Library\PackageCache\com.unity.visualeffectgraph)
    com.unity.render-pipelines.high-definition-config@17.0.3 (location: E:\UnityProject\Sunset-glow\Sunset-glow\Sunset Glow\Library\PackageCache\com.unity.render-pipelines.high-definition-config)
    com.unity.rendering.light-transport@1.0.1 (location: E:\UnityProject\Sunset-glow\Sunset-glow\Sunset Glow\Library\PackageCache\com.unity.rendering.light-transport)
[Physics::Module] Selected backend.
[Physics::Module] Name: PhysX
[Physics::Module] Id: 0xf2b8ea05
[Physics::Module] SDK Version: 4.1.2
[Physics::Module] Integration Version: 1.0.0
[Physics::Module] Threading Mode: Multi-Threaded
[Subsystems] No new subsystems found in resolved package list.
Package Manager log level set to [2]
[Package Manager] Done registering packages in 0.08 seconds
Refreshing native plugins compatible for Editor in 8.94 ms, found 4 plugins.
Preloading 0 native plugins for Editor in 0.00 ms.
Initialize engine version: 6000.0.23f1c1 (d40c2aeae294)
[Subsystems] Discovering subsystems at path D:/Unity/Editor/6000.0.23f1c1/Editor/Data/Resources/UnitySubsystems
[Subsystems] Discovering subsystems at path E:/UnityProject/Sunset-glow/Sunset-glow/Sunset Glow/Assets
GfxDevice: creating device client; kGfxThreadingModeNonThreaded
Direct3D:
    Version:         Direct3D 12 [level 12.1]
    Renderer:        NVIDIA GeForce RTX 4070 Ti SUPER (ID=0x2689)
    Vendor:          NVIDIA
    VRAM:            16063 MB
    App VRAM Budget: 15295 MB
    Driver:          32.0.15.6081
[Licensing::Client] Successfully resolved entitlement details
Initialize mono
Mono path[0] = 'D:/Unity/Editor/6000.0.23f1c1/Editor/Data/Managed'
Mono path[1] = 'D:/Unity/Editor/6000.0.23f1c1/Editor/Data/MonoBleedingEdge/lib/mono/unityjit-win32'
Mono config path = 'D:/Unity/Editor/6000.0.23f1c1/Editor/Data/MonoBleedingEdge/etc'
Using monoOptions --debugger-agent=transport=dt_socket,embedding=1,server=y,suspend=n,address=127.0.0.1:56996
Using cacheserver namespaces - metadata:defaultmetadata, artifacts:defaultartifacts
Using cacheserver namespaces - metadata:defaultmetadata, artifacts:defaultartifacts
ImportWorker Server TCP listen port: 0
AcceleratorClientConnectionCallback - disconnected - :0
Begin MonoManager ReloadAssembly
Registering precompiled unity dll's ...
Register platform support module: D:/Unity/Editor/6000.0.23f1c1/Editor/Data/PlaybackEngines/WindowsStandaloneSupport/UnityEditor.WindowsStandalone.Extensions.dll
[Licensing::Client] Successfully resolved entitlement details
Register platform support module: D:/Unity/Editor/6000.0.23f1c1/Editor/Data/PlaybackEngines/AndroidPlayer/UnityEditor.Android.Extensions.dll
Registered in 0.017257 seconds.
- Loaded All Assemblies, in  0.339 seconds
Native extension for Android target not found
Android Extension - Scanning For ADB Devices 2286 ms
Native extension for WindowsStandalone target not found
Mono: successfully reloaded assembly
- Finished resetting the current domain, in  2.574 seconds
Domain Reload Profiling: 2911ms
	BeginReloadAssembly (111ms)
		ExecutionOrderSort (0ms)
		DisableScriptedObjects (0ms)
		BackupInstance (0ms)
		ReleaseScriptingObjects (0ms)
		CreateAndSetChildDomain (1ms)
	RebuildCommonClasses (34ms)
	RebuildNativeTypeToScriptingClass (7ms)
	initialDomainReloadingComplete (55ms)
	LoadAllAssembliesAndSetupDomain (128ms)
		LoadAssemblies (107ms)
		RebuildTransferFunctionScriptingTraits (0ms)
		AnalyzeDomain (125ms)
			TypeCache.Refresh (124ms)
				TypeCache.ScanAssembly (115ms)
			BuildScriptInfoCaches (0ms)
			ResolveRequiredComponents (0ms)
	FinalizeReload (2574ms)
		ReleaseScriptCaches (0ms)
		RebuildScriptCaches (0ms)
		SetupLoadedEditorAssemblies (2549ms)
			LogAssemblyErrors (0ms)
			InitializePlatformSupportModulesInManaged (2381ms)
			SetLoadedEditorAssemblies (3ms)
			BeforeProcessingInitializeOnLoad (4ms)
			ProcessInitializeOnLoadAttributes (100ms)
			ProcessInitializeOnLoadMethodAttributes (57ms)
			AfterProcessingInitializeOnLoad (4ms)
			EditorAssembliesLoaded (0ms)
		ExecutionOrderSort2 (0ms)
		AwakeInstancesAfterBackupRestoration (0ms)
[Licensing::Client] Successfully resolved entitlement details
Application.AssetDatabase Initial Refresh Start
[ScriptCompilation] Requested script compilation because: Assetdatabase observed changes in script compilation related files
Starting: D:\Unity\Editor\6000.0.23f1c1\Editor\Data\bee_backend.exe --dont-print-to-structured-log --ipc --defer-dag-verification --dagfile="Library/Bee/1900b0aEDbg.dag" --continue-on-failure --profile="Library/Bee/backend1.traceevents" ScriptAssemblies
WorkingDir: E:/UnityProject/Sunset-glow/Sunset-glow/Sunset Glow
DisplayProgressbar: Compiling Scripts
Starting: D:\Unity\Editor\6000.0.23f1c1\Editor\Data\Tools\netcorerun\netcorerun.exe "D:\Unity\Editor\6000.0.23f1c1\Editor\Data\Tools\BuildPipeline\ScriptCompilationBuildProgram.exe" "Library/Bee/1900b0aEDbg.dag.json" "Library/Bee/1900b0aEDbg-inputdata.json" "Library\Bee\buildprogram0.traceevents"
WorkingDir: E:/UnityProject/Sunset-glow/Sunset-glow/Sunset Glow
ExitCode: 4 Duration: 0s200ms
[275/769    0s] WriteResponseFile Library/Bee/artifacts/rsp/4747638433968585886.rsp
Rebuilding DAG because FileSignature timestamp changed: Library/Bee/1900b0aEDbg-inputdata.json
*** Tundra requires additional run (0.17 seconds), 1 items updated, 435 evaluated
ExitCode: 0 Duration: 0s463ms
Starting: D:\Unity\Editor\6000.0.23f1c1\Editor\Data\bee_backend.exe --dont-print-to-structured-log --ipc --defer-dag-verification --dagfile="Library/Bee/1900b0aEDbg.dag" --continue-on-failure --dagfilejson="Library\Bee\1900b0aEDbg.dag.json" --profile="Library/Bee/backend2.traceevents" ScriptAssemblies
WorkingDir: E:/UnityProject/Sunset-glow/Sunset-glow/Sunset Glow
ExitCode: 0 Duration: 1s713ms
Finished compiling graph: 772 nodes, 12951 flattened edges (10659 ToBuild, 118 ToUse), maximum node priority 858
[403/769    0s] WriteText Library/Bee/artifacts/1900b0aEDbg.dag/Assembly-CSharp.rsp
[414/769    0s] WriteText Library/Bee/artifacts/1900b0aEDbg.dag/Assembly-CSharp-Editor.rsp
[607/769    0s] ILPP-Configuration Library/ilpp-configuration.nevergeneratedoutput
[761/769    0s] Csc Library/Bee/artifacts/1900b0aEDbg.dag/Assembly-CSharp.dll (+2 others)
[762/769    0s] Csc Library/Bee/artifacts/1900b0aEDbg.dag/Assembly-CSharp-Editor.dll (+2 others)
Assets\_Game\Editor\CoastalLightingSetup.cs(79,37): warning CS0612: 'FrameSettingsField.MSAA' is obsolete
[763/769    0s] ILPostProcess Library/Bee/artifacts/1900b0aEDbg.dag/post-processed/Assembly-CSharp.dll (+pdb)
Processing assembly Library/Bee/artifacts/1900b0aEDbg.dag/Assembly-CSharp.dll, with 128 defines and 292 references

processors: Unity.Jobs.CodeGen.JobsILPostProcessor, zzzUnity.Burst.CodeGen.BurstILPostProcessor

running Unity.Jobs.CodeGen.JobsILPostProcessor

running zzzUnity.Burst.CodeGen.BurstILPostProcessor
[764/769    0s] CopyFiles Library/ScriptAssemblies/Assembly-CSharp.pdb
[765/769    0s] CopyFiles Library/ScriptAssemblies/Assembly-CSharp.dll
[766/769    0s] ILPostProcess Library/Bee/artifacts/1900b0aEDbg.dag/post-processed/Assembly-CSharp-Editor.dll (+pdb)
Processing assembly Library/Bee/artifacts/1900b0aEDbg.dag/Assembly-CSharp-Editor.dll, with 126 defines and 314 references

processors: Unity.Jobs.CodeGen.JobsILPostProcessor, zzzUnity.Burst.CodeGen.BurstILPostProcessor

running Unity.Jobs.CodeGen.JobsILPostProcessor

running zzzUnity.Burst.CodeGen.BurstILPostProcessor
[767/769    0s] CopyFiles Library/ScriptAssemblies/Assembly-CSharp-Editor.pdb
[768/769    0s] CopyFiles Library/ScriptAssemblies/Assembly-CSharp-Editor.dll
*** Tundra build success (1.69 seconds), 11 items updated, 769 evaluated
Assets\_Game\Editor\CoastalLightingSetup.cs(79,37): warning CS0612: 'FrameSettingsField.MSAA' is obsolete
AssetDatabase: script compilation time: 2.781622s
Begin MonoManager ReloadAssembly
Total cache size 267985738
Total cache size after purge 267985738, took 00:00:00.1328224
- Loaded All Assemblies, in  1.075 seconds
'Packages/com.unity.render-pipelines.high-definition/Editor/Wizard/HDWizard.Window.cs' contains partial class of Unity.Object, exactly 1 of the partial classes needs to be in a file with the same filename. This is to know the one that can be referenced from ie. GameObjects
'Packages/com.unity.render-pipelines.high-definition/Editor/Wizard/HDWizard.UIElement.cs' contains partial class of Unity.Object, exactly 1 of the partial classes needs to be in a file with the same filename. This is to know the one that can be referenced from ie. GameObjects
'Packages/com.unity.render-pipelines.high-definition/Editor/Wizard/HDWizard.Configuration.cs' contains partial class of Unity.Object, exactly 1 of the partial classes needs to be in a file with the same filename. This is to know the one that can be referenced from ie. GameObjects
Start importing ProjectSettings/UnityConnectSettings.asset using Guid(0000000000000000a100000000000000) (LibraryAssetImporter) -> (artifact id: '77beae9af297820225ab8a019f2f8f5e') in 0.0180085 seconds
Start importing Assets/_Game/Art/Characters using Guid(42d1c943684e3ec42bcc47d26101cb25) (DefaultImporter) -> (artifact id: '8eddb12d3fdbae059e1958833a0b9fbd') in 0.0022573 seconds
Start importing Assets/_Game/Art/Characters/RiceShower using Guid(85588879bb094674c95789b118afc3fd) (DefaultImporter) -> (artifact id: '369e83f368a7d827ec8af605511c4443') in 0.001849 seconds
Refreshing native plugins compatible for Editor in 1.39 ms, found 4 plugins.
Native extension for Android target not found
Native extension for WindowsStandalone target not found
Refreshing native plugins compatible for Editor in 1.55 ms, found 4 plugins.
Mono: successfully reloaded assembly
- Finished resetting the current domain, in  4.478 seconds
Domain Reload Profiling: 5547ms
	BeginReloadAssembly (348ms)
		ExecutionOrderSort (0ms)
		DisableScriptedObjects (48ms)
		BackupInstance (0ms)
		ReleaseScriptingObjects (0ms)
		CreateAndSetChildDomain (26ms)
	RebuildCommonClasses (25ms)
	RebuildNativeTypeToScriptingClass (8ms)
	initialDomainReloadingComplete (28ms)
	LoadAllAssembliesAndSetupDomain (660ms)
		LoadAssemblies (479ms)
		RebuildTransferFunctionScriptingTraits (0ms)
		AnalyzeDomain (268ms)
			TypeCache.Refresh (180ms)
				TypeCache.ScanAssembly (170ms)
			BuildScriptInfoCaches (76ms)
			ResolveRequiredComponents (9ms)
	FinalizeReload (4478ms)
		ReleaseScriptCaches (0ms)
		RebuildScriptCaches (0ms)
		SetupLoadedEditorAssemblies (4257ms)
			LogAssemblyErrors (0ms)
			InitializePlatformSupportModulesInManaged (26ms)
			SetLoadedEditorAssemblies (4ms)
			BeforeProcessingInitializeOnLoad (137ms)
			ProcessInitializeOnLoadAttributes (3714ms)
			ProcessInitializeOnLoadMethodAttributes (362ms)
			AfterProcessingInitializeOnLoad (13ms)
			EditorAssembliesLoaded (0ms)
		ExecutionOrderSort2 (0ms)
		AwakeInstancesAfterBackupRestoration (14ms)
Start importing Assets/Settings/HDRPDefaultResources/HDRenderPipelineGlobalSettings.asset using Guid(ac0316ca287ba459492b669ff1317a6f) (NativeFormatImporter) -> (artifact id: '1175c3b05c94b6578ff626941ae655a3') in 0.0024902 seconds
Refreshing native plugins compatible for Editor in 1.47 ms, found 4 plugins.
Preloading 0 native plugins for Editor in 0.00 ms.
Asset Pipeline Refresh (id=dc1c02158694bbd428d72017bc224dac): Total: 11.675 seconds - Initiated by InitialRefreshV2(ForceSynchronousImport)
	Summary:
		Imports: total=3 (actual=3, local cache=0, cache server=0)
		Asset DB Process Time: managed=3 ms, native=6165 ms
		Asset DB Callback time: managed=1442 ms, native=6 ms
		Scripting: domain reloads=1, domain reload time=1176 ms, compile time=2783 ms, other=97 ms
		Project Asset Count: scripts=1491, non-scripts=2989
		Asset File Changes: new=7, changed=12, moved=0, deleted=0
		Scan Filter Count: 0
	InvokeCustomDependenciesCallbacks: 0.001ms
	InvokePackagesCallback: 2.156ms
	ApplyChangesToAssetFolders: 0.422ms
	Scan: 1232.039ms
	OnSourceAssetsModified: 0.628ms
	CategorizeAssetsWithTransientArtifact: 76.574ms
	ProcessAssetsWithTransientArtifactChanges: 78.540ms
	CategorizeAssets: 53.659ms
	ImportOutOfDateAssets: 4519.738ms (1703.542ms without children)
		ImportManagerImport: 30.196ms (3.416ms without children)
			ImportInProcess: 26.748ms
			UpdateCategorizedAssets: 0.033ms
		CompileScripts: 2782.751ms
		ReloadNativeAssets: 0.100ms
		UnloadImportedAssets: 1.801ms
		ReloadImportedAssets: 0.000ms
		EnsureUptoDateAssetsAreRegisteredWithGuidPM: 0.716ms
		InitializingProgressBar: 0.005ms
		PostProcessAllAssetNotificationsAddChangedAssets: 0.001ms
		OnDemandSchedulerStart: 0.626ms
	PostProcessAllAssets: 1443.191ms
	Hotreload: 4.317ms
	GatherAllCurrentPrimaryArtifactRevisions: 0.000ms
	UnloadStreamsBegin: 1.955ms
	PersistCurrentRevisions: 0.179ms
	UnloadStreamsEnd: 0.001ms
	GenerateScriptTypeHashes: 3.192ms
	Untracked: 4261.365ms

Application.AssetDatabase Initial Refresh End
Scanning for USB devices : 3.950ms
Initializing Unity extensions:
[Licensing::Client] Successfully resolved entitlement details
[MODES] ModeService[none].Initialize
[MODES] ModeService[none].LoadModes
[MODES] Loading mode Default (0) for mode-current-id-Sunset Glow
Unloading 22 Unused Serialized files (Serialized files now loaded: 0)
Unloading 7260 unused Assets / (6.3 MB). Loaded Objects now: 8330.
Memory consumption went from 285.6 MB to 279.3 MB.
Total: 10.633100 ms (FindLiveObjects: 0.388100 ms CreateObjectMapping: 0.258700 ms MarkObjects: 7.217200 ms  DeleteObjects: 2.767600 ms)

Batchmode quit successfully invoked - shutting down!
Curl error 42: Callback aborted
Killing ADB server in 0.0589099 seconds.
[Physics::Module] Cleanup current backned.
[Physics::Module] Id: 0xf2b8ea05
[Licensing::IpcConnector] License Notification channel disconnected successfully.
[Licensing::IpcConnector] License Client channel disconnected successfully.
AcceleratorClientConnectionCallback - disconnected - :0
Cleanup mono
00:41:06.439 |V| RiderPlugin                    | :1                             | AppDomain.CurrentDomain.DomainUnload lifetimeDefinition.Terminate
Exiting batchmode successfully now!
Exiting without the bug reporter. Application will terminate with return code 0